name=Dog
surname=Doggo
gender=male
birthdate=24.01.1997
birthplace=Moscow
marriage=married
nationality=Russia
education=elementary
work=AVP
language=Eng
email=dog@god.com
Signed: 16/May/2019
